npm error Missing script: "build"
npm error
npm error To see a list of scripts, run:
npm error   npm run
npm error A complete log of this run can be found in: /home/runner/.npm/_logs/2026-01-15T11_41_55_786Z-debug-0.log
